hardware.c:24:6:config_GPIO_pins	4	static
hardware.c:43:6:setup_timer2	4	static
hardware.c:66:6:setup_timer5	4	static
hardware.c:90:6:start_timer2	4	static
hardware.c:93:6:start_timer5	4	static
hardware.c:96:6:stop_timer2	4	static
hardware.c:99:6:stop_timer5	4	static
hardware.c:102:6:reset_timer2	4	static
hardware.c:105:6:reset_timer5	4	static
hardware.c:108:5:get_time2	4	static
hardware.c:111:5:get_time5	4	static
hardware.c:114:6:update_dutycycle5	16	static
hardware.c:118:6:sendWave	8	static
hardware.c:134:5:calc_time	16	static
hardware.c:152:6:wait10	16	static
hardware.c:166:5:calc_distance	24	static
hardware.c:174:5:sendReceive	16	static
hardware.c:183:6:POST	32	static
hardware.c:217:6:hunnitReadings	48	static
hardware.c:250:6:printReadings	32	static
